[vagrant@lvm ~]$ script -a laba3
Script started, file is laba3
[vagrant@lvm ~]$ pvcreate /dev/sdb
  WARNING: Running as a non-root user. Functionality may be unavailable.
  /run/lvm/lvmetad.socket: access failed: Permission denied
  WARNING: Failed to connect to lvmetad. Falling back to device scanning.
  /run/lock/lvm/P_orphans:aux: open failed: Permission denied
  Can't get lock for orphan PVs.
[vagrant@lvm ~]$ sudo pvcreate /dev/sdb
  Physical volume "/dev/sdb" successfully created.
[vagrant@lvm ~]$ 
[vagrant@lvm ~]$ 
[vagrant@lvm ~]$ vgcreate vg_root /dev/sdb
  WARNING: Running as a non-root user. Functionality may be unavailable.
  /run/lvm/lvmetad.socket: access failed: Permission denied
  WARNING: Failed to connect to lvmetad. Falling back to device scanning.
  /run/lock/lvm/V_vg_root:aux: open failed: Permission denied
  Can't get lock for vg_root.
[vagrant@lvm ~]$ 
[vagrant@lvm ~]$ 
[vagrant@lvm ~]$ lvcreate -n lv_root -l +100%FREE /dev/vg_root
  WARNING: Running as a non-root user. Functionality may be unavailable.
  /run/lvm/lvmetad.socket: access failed: Permission denied
  WARNING: Failed to connect to lvmetad. Falling back to device scanning.
  /dev/mapper/control: open failed: Permission denied
  Failure to communicate with kernel device-mapper driver.
  Incompatible libdevmapper 1.02.146-RHEL7 (2018-01-22) and kernel driver (unknown version).
  striped: Required device-mapper target(s) not detected in your kernel.
  Run `lvcreate --help' for more information.
[vagrant@lvm ~]$ 
[vagrant@lvm ~]$ 
[vagrant@lvm ~]$ mkfs.xfs /dev/vg_root/lv_root
/dev/vg_root/lv_root: No such file or directory
Usage: mkfs.xfs
/* blocksize */		[-b log=n|size=num]
/* metadata */		[-m crc=0|1,finobt=0|1,uuid=xxx]
/* data subvol */	[-d agcount=n,agsize=n,file,name=xxx,size=num,
			    (sunit=value,swidth=value|su=num,sw=num|noalign),
			    sectlog=n|sectsize=num
/* force overwrite */	[-f]
/* inode size */	[-i log=n|perblock=n|size=num,maxpct=n,attr=0|1|2,
			    projid32bit=0|1]
/* no discard */	[-K]
/* log subvol */	[-l agnum=n,internal,size=num,logdev=xxx,version=n
			    sunit=value|su=num,sectlog=n|sectsize=num,
			    lazy-count=0|1]
/* label */		[-L label (maximum 12 characters)]
/* naming */		[-n log=n|size=num,version=2|ci,ftype=0|1]
/* no-op info only */	[-N]
/* prototype file */	[-p fname]
/* quiet */		[-q]
/* realtime subvol */	[-r extsize=num,size=num,rtdev=xxx]
/* sectorsize */	[-s log=n|size=num]
/* version */		[-V]
			devicename
<devicename> is required unless -d name=xxx is given.
<num> is xxx (bytes), xxxs (sectors), xxxb (fs blocks), xxxk (xxx KiB),
      xxxm (xxx MiB), xxxg (xxx GiB), xxxt (xxx TiB) or xxxp (xxx PiB).
<value> is xxx (512 byte blocks).
[vagrant@lvm ~]$ script -q
[vagrant@lvm ~]$ ls
laba3  test  typescript
[vagrant@lvm ~]$ sudo nano laba3
[vagrant@lvm ~]$ sudo rm -r laba3
[vagrant@lvm ~]$ ls
test  typescript
[vagrant@lvm ~]$ su
Password: 
[root@lvm vagrant]# script -a laba3
Script started, file is laba3
[root@lvm vagrant]# ls
laba3  test  typescript
[root@lvm vagrant]# pvcreate /dev/sdb
  Physical volume "/dev/sdb" successfully created.
[root@lvm vagrant]# 
[root@lvm vagrant]# 
[root@lvm vagrant]# vgcreate vg_root /dev/sdb
  Volume group "vg_root" successfully created
[root@lvm vagrant]# 
[root@lvm vagrant]# lvcreate -n lv_root -l +100%FREE /dev/vg_root
  Logical volume "lv_root" created.
[root@lvm vagrant]# 
[root@lvm vagrant]# mkfs.xfs /dev/vg_root/lv_root
meta-data=/dev/vg_root/lv_root   isize=512    agcount=4, agsize=655104 blks
         =                       sectsz=512   attr=2, projid32bit=1
         =                       crc=1        finobt=0, sparse=0
data     =                       bsize=4096   blocks=2620416, imaxpct=25
         =                       sunit=0      swidth=0 blks
naming   =version 2              bsize=4096   ascii-ci=0 ftype=1
log      =internal log           bsize=4096   blocks=2560, version=2
         =                       sectsz=512   sunit=0 blks, lazy-count=1
realtime =none                   extsz=4096   blocks=0, rtextents=0
[root@lvm vagrant]# 
[root@lvm vagrant]# mount /dev/vg_root/lv_root /mnt
[root@lvm vagrant]# 
[root@lvm vagrant]# xfsdump -J - /dev/VolGroup00/LogVol00 | xfsrestore -J - /mnt
xfsdump: using file dump (drive_simple) strategy
xfsdump: version 3.1.7 (dump format 3.0)
xfsdump: level 0 dump of lvm:/
xfsdump: dump date: Mon Mar 27 08:25:48 2023
xfsdump: session id: 224b2f78-4823-4055-872b-b6db52729eaa
xfsdump: session label: ""
xfsrestore: using file dump (drive_simple) strategy
xfsrestore: version 3.1.7 (dump format 3.0)
xfsdump: ino map phase 1: constructing initial dump list
xfsrestore: searching media for dump
xfsdump: ino map phase 2: skipping (no pruning necessary)
xfsdump: ino map phase 3: skipping (only one dump stream)
xfsdump: ino map construction complete
xfsdump: estimated dump size: 1225390656 bytes
xfsdump: creating dump session media file 0 (media 0, file 0)
xfsdump: dumping ino map
xfsdump: dumping directories
xfsrestore: examining media file 0
xfsrestore: dump description: 
xfsrestore: hostname: lvm
xfsrestore: mount point: /
xfsrestore: volume: /dev/mapper/VolGroup00-LogVol00
xfsrestore: session time: Mon Mar 27 08:25:48 2023
xfsrestore: level: 0
xfsrestore: session label: ""
xfsrestore: media label: ""
xfsrestore: file system id: b60e9498-0baa-4d9f-90aa-069048217fee
xfsrestore: session id: 224b2f78-4823-4055-872b-b6db52729eaa
xfsrestore: media id: d7b4319f-2296-491f-b5e9-87d55a048d52
xfsrestore: searching media for directory dump
xfsrestore: reading directories
xfsdump: dumping non-directory files
xfsrestore: 2738 directories and 23765 entries processed
xfsrestore: directory post-processing
xfsrestore: restoring non-directory files
xfsdump: ending media file
xfsdump: media file size 1202362168 bytes
xfsdump: dump size (non-dir files) : 1189090520 bytes
xfsdump: dump complete: 20 seconds elapsed
xfsdump: Dump Status: SUCCESS
xfsrestore: restore complete: 21 seconds elapsed
xfsrestore: Restore Status: SUCCESS
[root@lvm vagrant]# 
[root@lvm vagrant]# for i in /proc/ /sys/ /dev/ /run/ /boot/; do mount --bind $i /mnt/$i; done
[root@lvm vagrant]# chroot /mnt/
[root@lvm /]# grub2-mkconfig -o /boot/grub2/grub.cfg
Generating grub configuration file ...
Found linux image: /boot/vmlinuz-3.10.0-862.2.3.el7.x86_64
Found initrd image: /boot/initramfs-3.10.0-862.2.3.el7.x86_64.img
done
[root@lvm /]# cd /boot ; for i in `ls initramfs-*img`; do dracut -v $i `echo $i|sed "s/initramfs-//g;
> s/.img//g"` --force; done
Executing: /usr/bin/dracut -v initramfs-3.10.0-862.2.3.el7.x86_64.img 3.10.0-862.2.3.el7.x86_64 --force
dracut module 'busybox' will not be installed, because command 'busybox' could not be found!
dracut module 'crypt' will not be installed, because command 'cryptsetup' could not be found!
dracut module 'dmraid' will not be installed, because command 'dmraid' could not be found!
dracut module 'dmsquash-live-ntfs' will not be installed, because command 'ntfs-3g' could not be found!
dracut module 'multipath' will not be installed, because command 'multipath' could not be found!
dracut module 'busybox' will not be installed, because command 'busybox' could not be found!
dracut module 'crypt' will not be installed, because command 'cryptsetup' could not be found!
dracut module 'dmraid' will not be installed, because command 'dmraid' could not be found!
dracut module 'dmsquash-live-ntfs' will not be installed, because command 'ntfs-3g' could not be found!
dracut module 'multipath' will not be installed, because command 'multipath' could not be found!
*** Including module: bash ***
*** Including module: nss-softokn ***
*** Including module: i18n ***
*** Including module: drm ***
*** Including module: plymouth ***
*** Including module: dm ***
Skipping udev rule: 64-device-mapper.rules
Skipping udev rule: 60-persistent-storage-dm.rules
Skipping udev rule: 55-dm.rules
*** Including module: kernel-modules ***
Omitting driver floppy
*** Including module: lvm ***
Skipping udev rule: 64-device-mapper.rules
Skipping udev rule: 56-lvm.rules
Skipping udev rule: 60-persistent-storage-lvm.rules
*** Including module: qemu ***
*** Including module: resume ***
*** Including module: rootfs-block ***
*** Including module: terminfo ***
*** Including module: udev-rules ***
Skipping udev rule: 40-redhat-cpu-hotplug.rules
Skipping udev rule: 91-permissions.rules
*** Including module: biosdevname ***
*** Including module: systemd ***
*** Including module: usrmount ***
*** Including module: base ***
*** Including module: fs-lib ***
*** Including module: shutdown ***
*** Including modules done ***
*** Installing kernel module dependencies and firmware ***
*** Installing kernel module dependencies and firmware done ***
*** Resolving executable dependencies ***
*** Resolving executable dependencies done***
*** Hardlinking files ***
*** Hardlinking files done ***
*** Stripping files ***
*** Stripping files done ***
*** Generating early-microcode cpio image contents ***
*** No early-microcode cpio image needed ***
*** Store current command line parameters ***
*** Creating image file ***
*** Creating image file done ***
*** Creating initramfs image file '/boot/initramfs-3.10.0-862.2.3.el7.x86_64.img' done ***
[root@lvm boot]# nano /boot/grub2/grub.cfg
[root@lvm boot]# script -q
script: openpty failed: No such file or directory
Terminated
[root@lvm boot]# ls
config-3.10.0-862.2.3.el7.x86_64         symvers-3.10.0-862.2.3.el7.x86_64.gz
efi                                      System.map-3.10.0-862.2.3.el7.x86_64
grub                                     typescript
grub2                                    vmlinuz-3.10.0-862.2.3.el7.x86_64
initramfs-3.10.0-862.2.3.el7.x86_64.img
[root@lvm boot]# sudo nano laba3
[root@lvm boot]# script --hqlp
script: unrecognized option '--hqlp'

Usage:
 script [options] [file]

Options:
 -a, --append            append the output
 -c, --command <command> run command rather than interactive shell
 -e, --return            return exit code of the child process
 -f, --flush             run flush after each write
     --force             use output file even when it is a link
 -q, --quiet             be quiet
 -t, --timing[=<file>]   output timing data to stderr (or to FILE)
 -V, --version           output version information and exit
 -h, --help              display this help and exit

[root@lvm boot]# script --help

Usage:
 script [options] [file]

Options:
 -a, --append            append the output
 -c, --command <command> run command rather than interactive shell
 -e, --return            return exit code of the child process
 -f, --flush             run flush after each write
     --force             use output file even when it is a link
 -q, --quiet             be quiet
 -t, --timing[=<file>]   output timing data to stderr (or to FILE)
 -V, --version           output version information and exit
 -h, --help              display this help and exit

[root@lvm boot]# cd ..
[root@lvm /]# pwd
/
[root@lvm /]# script -a test
script: openpty failed: No such file or directory
Terminated
[root@lvm /]# ls
bin   dev  home  lib64  mnt  proc  run   srv  test  usr      var
boot  etc  lib   media  opt  root  sbin  sys  tmp   vagrant
[root@lvm /]# sudo nano test
[root@lvm /]# sss
bash: sss: command not found
[root@lvm /]# sudo nano test
[root@lvm /]# script -q
script: openpty failed: No such file or directory
Terminated
[root@lvm /]# script
script: openpty failed: No such file or directory
Terminated
[root@lvm /]# ^C
[root@lvm /]# shutdown -r now
Running in chroot, ignoring request.
[root@lvm /]# exit
exit
[root@lvm vagrant]# script -q
[root@lvm vagrant]# ls
laba3  test  typescript
[root@lvm vagrant]# sudo nano laba3
[root@lvm vagrant]# sudo nano laba3
[root@lvm vagrant]# shutdown -r now
Connection to 127.0.0.1 closed by remote host.
spa@stnd:~/oshit/vagrant$ vagrant ssh
Last login: Mon Mar 27 08:20:34 2023 from 10.0.2.2
[vagrant@lvm ~]$ 
[vagrant@lvm ~]$ 
[vagrant@lvm ~]$ 
[vagrant@lvm ~]$ lsblk
NAME                    MAJ:MIN RM  SIZE RO TYPE MOUNTPOINT
sda                       8:0    0   40G  0 disk 
├─sda1                    8:1    0    1M  0 part 
├─sda2                    8:2    0    1G  0 part /boot
└─sda3                    8:3    0   39G  0 part 
  ├─VolGroup00-LogVol01 253:1    0  1.5G  0 lvm  [SWAP]
  └─VolGroup00-LogVol00 253:2    0 37.5G  0 lvm  
sdb                       8:16   0   10G  0 disk 
└─vg_root-lv_root       253:0    0   10G  0 lvm  /
sdc                       8:32   0    2G  0 disk 
sdd                       8:48   0    1G  0 disk 
sde                       8:64   0    1G  0 disk 
[vagrant@lvm ~]$ 
[vagrant@lvm ~]$ 
[vagrant@lvm ~]$ script -a laba3.1
Script started, file is laba3.1
[vagrant@lvm ~]$ 
[vagrant@lvm ~]$ 
[vagrant@lvm ~]$ lsblk
NAME                    MAJ:MIN RM  SIZE RO TYPE MOUNTPOINT
sda                       8:0    0   40G  0 disk 
├─sda1                    8:1    0    1M  0 part 
├─sda2                    8:2    0    1G  0 part /boot
└─sda3                    8:3    0   39G  0 part 
  ├─VolGroup00-LogVol01 253:1    0  1.5G  0 lvm  [SWAP]
  └─VolGroup00-LogVol00 253:2    0 37.5G  0 lvm  
sdb                       8:16   0   10G  0 disk 
└─vg_root-lv_root       253:0    0   10G  0 lvm  /
sdc                       8:32   0    2G  0 disk 
sdd                       8:48   0    1G  0 disk 
sde                       8:64   0    1G  0 disk 
[vagrant@lvm ~]$ 
[vagrant@lvm ~]$ 
[vagrant@lvm ~]$ lvremove /dev/VolGroup00/LogVol00
  WARNING: Running as a non-root user. Functionality may be unavailable.
  /run/lvm/lvmetad.socket: access failed: Permission denied
  WARNING: Failed to connect to lvmetad. Falling back to device scanning.
  /dev/mapper/control: open failed: Permission denied
  Failure to communicate with kernel device-mapper driver.
  Incompatible libdevmapper 1.02.146-RHEL7 (2018-01-22) and kernel driver (unknown version).
  /run/lock/lvm/V_VolGroup00:aux: open failed: Permission denied
  Can't get lock for VolGroup00
  Cannot process volume group VolGroup00
[vagrant@lvm ~]$ sudo lvremove /dev/VolGroup00/LogVol00
Do you really want to remove active logical volume VolGroup00/LogVol00? [y/n]: y
  Logical volume "LogVol00" successfully removed
[vagrant@lvm ~]$ 
[vagrant@lvm ~]$ 
[vagrant@lvm ~]$ lvcreate -n VolGroup00/LogVol00 -L 8G /dev/VolGroup00
  WARNING: Running as a non-root user. Functionality may be unavailable.
  /run/lvm/lvmetad.socket: access failed: Permission denied
  WARNING: Failed to connect to lvmetad. Falling back to device scanning.
  /dev/mapper/control: open failed: Permission denied
  Failure to communicate with kernel device-mapper driver.
  Incompatible libdevmapper 1.02.146-RHEL7 (2018-01-22) and kernel driver (unknown version).
  striped: Required device-mapper target(s) not detected in your kernel.
  Run `lvcreate --help' for more information.
[vagrant@lvm ~]$ sudo lvcreate -n VolGroup00/LogVol00 -L 8G /dev/VolGroup00
WARNING: xfs signature detected on /dev/VolGroup00/LogVol00 at offset 0. Wipe it? [y/n]: y
  Wiping xfs signature on /dev/VolGroup00/LogVol00.
  Logical volume "LogVol00" created.
[vagrant@lvm ~]$ 
[vagrant@lvm ~]$ 
[vagrant@lvm ~]$ sudo mkfs.xfs /dev/VolGroup00/LogVol00
meta-data=/dev/VolGroup00/LogVol00 isize=512    agcount=4, agsize=524288 blks
         =                       sectsz=512   attr=2, projid32bit=1
         =                       crc=1        finobt=0, sparse=0
data     =                       bsize=4096   blocks=2097152, imaxpct=25
         =                       sunit=0      swidth=0 blks
naming   =version 2              bsize=4096   ascii-ci=0 ftype=1
log      =internal log           bsize=4096   blocks=2560, version=2
         =                       sectsz=512   sunit=0 blks, lazy-count=1
realtime =none                   extsz=4096   blocks=0, rtextents=0
[vagrant@lvm ~]$ 
[vagrant@lvm ~]$ 
[vagrant@lvm ~]$ sudo mount /dev/VolGroup00/LogVol00 /mnt
[vagrant@lvm ~]$ 
[vagrant@lvm ~]$ sudo xfsdump -J - /dev/vg_root/lv_root | xfsrestore -J - /mnt
xfsrestore: using file dump (drive_simple) strategy
xfsrestore: version 3.1.7 (dump format 3.0)
xfsrestore: ERROR: unable to create /mnt/xfsrestorehousekeepingdir: Permission denied
xfsrestore: Restore Status: ERROR
xfsdump: using file dump (drive_simple) strategy
xfsdump: version 3.1.7 (dump format 3.0)
xfsdump: level 0 dump of lvm:/
xfsdump: dump date: Mon Mar 27 08:44:41 2023
xfsdump: session id: bc935222-1833-4305-90b6-61e7855af4ae
xfsdump: session label: ""
xfsdump: ino map phase 1: constructing initial dump list
xfsdump: ino map phase 2: skipping (no pruning necessary)
xfsdump: ino map phase 3: skipping (only one dump stream)
xfsdump: ino map construction complete
xfsdump: estimated dump size: 1224475712 bytes
xfsdump: creating dump session media file 0 (media 0, file 0)
xfsdump: dumping ino map
xfsdump: dumping directories
xfsdump: WARNING: write to stdio failed: 32 (Broken pipe)
xfsdump: ending media file
xfsdump: media file size 0 bytes
xfsdump: dump size (non-dir files) : 0 bytes
xfsdump: NOTE: dump interrupted: 0 seconds elapsed
xfsdump: Dump Status: INTERRUPT
[vagrant@lvm ~]$ 
[vagrant@lvm ~]$ xfsdump -J - /dev/vg_root/lv_root | xfsrestore -J - /mnt
xfsrestore: using file dump (drive_simple) strategy
xfsrestore: version 3.1.7 (dump format 3.0)
xfsrestore: ERROR: unable to create /mnt/xfsrestorehousekeepingdir: Permission denied
xfsrestore: Restore Status: ERROR
xfsdump: effective user ID must be root
xfsdump: Dump Status: ERROR
[vagrant@lvm ~]$ su
Password: 
[root@lvm vagrant]# xfsdump -J - /dev/vg_root/lv_root | xfsrestore -J - /mnt
xfsrestore: using file dump (drive_simple) strategy
xfsrestore: version 3.1.7 (dump format 3.0)
xfsdump: using file dump (drive_simple) strategy
xfsdump: version 3.1.7 (dump format 3.0)
xfsdump: level 0 dump of lvm:/
xfsdump: dump date: Mon Mar 27 08:45:23 2023
xfsdump: session id: 5b7365c5-ee1b-4fe0-a7a7-0727ee226447
xfsdump: session label: ""
xfsrestore: searching media for dump
xfsdump: ino map phase 1: constructing initial dump list
xfsdump: ino map phase 2: skipping (no pruning necessary)
xfsdump: ino map phase 3: skipping (only one dump stream)
xfsdump: ino map construction complete
xfsdump: estimated dump size: 1224475712 bytes
xfsdump: creating dump session media file 0 (media 0, file 0)
xfsdump: dumping ino map
xfsdump: dumping directories
xfsrestore: examining media file 0
xfsrestore: dump description: 
xfsrestore: hostname: lvm
xfsrestore: mount point: /
xfsrestore: volume: /dev/mapper/vg_root-lv_root
xfsrestore: session time: Mon Mar 27 08:45:23 2023
xfsrestore: level: 0
xfsrestore: session label: ""
xfsrestore: media label: ""
xfsrestore: file system id: 7178fb8a-256c-4577-b411-800804cea3d7
xfsrestore: session id: 5b7365c5-ee1b-4fe0-a7a7-0727ee226447
xfsrestore: media id: 403c750f-3b50-488c-98ea-b3ce14751f1f
xfsrestore: searching media for directory dump
xfsrestore: reading directories
xfsdump: dumping non-directory files
xfsrestore: 2742 directories and 23773 entries processed
xfsrestore: directory post-processing
xfsrestore: restoring non-directory files
xfsdump: ending media file
xfsdump: media file size 1201055320 bytes
xfsdump: dump size (non-dir files) : 1187778032 bytes
xfsdump: dump complete: 20 seconds elapsed
xfsdump: Dump Status: SUCCESS
xfsrestore: restore complete: 20 seconds elapsed
xfsrestore: Restore Status: SUCCESS
[root@lvm vagrant]# 
[root@lvm vagrant]# 
[root@lvm vagrant]# ls
laba3  laba3.1  test  typescript
[root@lvm vagrant]# 
[root@lvm vagrant]# 
[root@lvm vagrant]# for i in /proc/ /sys/ /dev/ /run/ /boot/; do mount --bind $i /mnt/$i; done
[root@lvm vagrant]# 
[root@lvm vagrant]# chroot /mnt/
[root@lvm /]# 
[root@lvm /]# grub2-mkconfig -o /boot/grub2/grub.cfg
Generating grub configuration file ...
Found linux image: /boot/vmlinuz-3.10.0-862.2.3.el7.x86_64
Found initrd image: /boot/initramfs-3.10.0-862.2.3.el7.x86_64.img
done
[root@lvm /]# 
[root@lvm /]# cd /boot ; for i in `ls initramfs-*img`; do dracut -v $i `echo $i|sed "s/initramfs-//g;
> s/.img//g"` --force; done
Executing: /usr/bin/dracut -v initramfs-3.10.0-862.2.3.el7.x86_64.img 3.10.0-862.2.3.el7.x86_64 --force
dracut module 'busybox' will not be installed, because command 'busybox' could not be found!
dracut module 'crypt' will not be installed, because command 'cryptsetup' could not be found!
dracut module 'dmraid' will not be installed, because command 'dmraid' could not be found!
dracut module 'dmsquash-live-ntfs' will not be installed, because command 'ntfs-3g' could not be found!
dracut module 'multipath' will not be installed, because command 'multipath' could not be found!
dracut module 'busybox' will not be installed, because command 'busybox' could not be found!
dracut module 'crypt' will not be installed, because command 'cryptsetup' could not be found!
dracut module 'dmraid' will not be installed, because command 'dmraid' could not be found!
dracut module 'dmsquash-live-ntfs' will not be installed, because command 'ntfs-3g' could not be found!
dracut module 'multipath' will not be installed, because command 'multipath' could not be found!
*** Including module: bash ***
*** Including module: nss-softokn ***
*** Including module: i18n ***
*** Including module: drm ***
*** Including module: plymouth ***
*** Including module: dm ***
Skipping udev rule: 64-device-mapper.rules
Skipping udev rule: 60-persistent-storage-dm.rules
Skipping udev rule: 55-dm.rules
*** Including module: kernel-modules ***
Omitting driver floppy
*** Including module: lvm ***
Skipping udev rule: 64-device-mapper.rules
Skipping udev rule: 56-lvm.rules
Skipping udev rule: 60-persistent-storage-lvm.rules
*** Including module: qemu ***
*** Including module: resume ***
*** Including module: rootfs-block ***
*** Including module: terminfo ***
*** Including module: udev-rules ***
Skipping udev rule: 40-redhat-cpu-hotplug.rules
Skipping udev rule: 91-permissions.rules
*** Including module: biosdevname ***
*** Including module: systemd ***
*** Including module: usrmount ***
*** Including module: base ***
*** Including module: fs-lib ***
*** Including module: shutdown ***
*** Including modules done ***
*** Installing kernel module dependencies and firmware ***
*** Installing kernel module dependencies and firmware done ***
*** Resolving executable dependencies ***
*** Resolving executable dependencies done***
*** Hardlinking files ***
*** Hardlinking files done ***
*** Stripping files ***
*** Stripping files done ***
*** Generating early-microcode cpio image contents ***
*** No early-microcode cpio image needed ***
*** Store current command line parameters ***
*** Creating image file ***
*** Creating image file done ***
*** Creating initramfs image file '/boot/initramfs-3.10.0-862.2.3.el7.x86_64.img' done ***
[root@lvm boot]# 
[root@lvm boot]# 
[root@lvm boot]# pvcreate /dev/sdc /dev/sdd
  Physical volume "/dev/sdc" successfully created.
  Physical volume "/dev/sdd" successfully created.
[root@lvm boot]# 
[root@lvm boot]# 
[root@lvm boot]# vgcreate vg_var /dev/sdc /dev/sdd
  Volume group "vg_var" successfully created
[root@lvm boot]# 
[root@lvm boot]# lvcreate -L 950M -m1 -n lv_var vg_var
  Rounding up size to full physical extent 952.00 MiB
  Logical volume "lv_var" created.
[root@lvm boot]# 
[root@lvm boot]# 
[root@lvm boot]# mkfs.ext4 /dev/vg_var/lv_var
mke2fs 1.42.9 (28-Dec-2013)
Filesystem label=
OS type: Linux
Block size=4096 (log=2)
Fragment size=4096 (log=2)
Stride=0 blocks, Stripe width=0 blocks
60928 inodes, 243712 blocks
12185 blocks (5.00%) reserved for the super user
First data block=0
Maximum filesystem blocks=249561088
8 block groups
32768 blocks per group, 32768 fragments per group
7616 inodes per group
Superblock backups stored on blocks: 
	32768, 98304, 163840, 229376

Allocating group tables: done                            
Writing inode tables: done                            
Creating journal (4096 blocks): done
Writing superblocks and filesystem accounting information: done

[root@lvm boot]# 
[root@lvm boot]# mount /dev/vg_var/lv_var /mnt
[root@lvm boot]# 
[root@lvm boot]# cp -aR /var/* /mnt/ # rsync -avHPSAX /var/ /mnt/
[root@lvm boot]# 
[root@lvm boot]# 
[root@lvm boot]# mkdir /tmp/oldvar && mv /var/* /tmp/oldvar
[root@lvm boot]# 
[root@lvm boot]# umount /mnt
[root@lvm boot]# 
[root@lvm boot]# mount /dev/vg_var/lv_var /var
[root@lvm boot]# 
[root@lvm boot]# echo "`blkid | grep var: | awk '{print $2}'` /var ext4 defaults 0 0" >> /etc/fstab
[root@lvm boot]# exit
exit
[root@lvm vagrant]# exit
exit
[vagrant@lvm ~]$ script -q
[vagrant@lvm ~]$ ls
laba3  laba3.1  test  typescript
[vagrant@lvm ~]$ sudo nano laba3.1
[vagrant@lvm ~]$ 
[vagrant@lvm ~]$ ls
laba3  laba3.1  test  typescript
[vagrant@lvm ~]$ script -a laba3.2
Script started, file is laba3.2
[vagrant@lvm ~]$ su
Password: 
[root@lvm vagrant]# pwl
bash: pwl: command not found
[root@lvm vagrant]# ls
laba3  laba3.1  laba3.2  test  typescript
[root@lvm vagrant]# exit
exit
[vagrant@lvm ~]$ script -q
[vagrant@lvm ~]$ sudo nano laba3.2
[vagrant@lvm ~]$ sudo rm -r laba3.2
[vagrant@lvm ~]$ ls
laba3  laba3.1  test  typescript
[vagrant@lvm ~]$ shutdown -r now
==== AUTHENTICATING FOR org.freedesktop.login1.reboot ===
Authentication is required for rebooting the system.
Authenticating as: root
Password: 
polkit-agent-helper-1: pam_authenticate failed: Authentication failure
==== AUTHENTICATION FAILED ===
Failed to execute operation: Access denied
Must be root.
[vagrant@lvm ~]$ su
Password: 
[root@lvm vagrant]# shutdown -r now
PolicyKit daemon disconnected from the bus.
We are no longer a registered authentication agent.
Connection to 127.0.0.1 closed by remote host.
spa@stnd:~/oshit/vagrant$ vagrant ssh
spa@stnd:~/oshit/vagrant$ vagrant ssh
Last login: Mon Mar 27 08:41:58 2023 from 10.0.2.2
[vagrant@lvm ~]$ su
Password: 





[root@lvm vagrant]# 
[root@lvm vagrant]# 
[root@lvm vagrant]# 
[root@lvm vagrant]# 
[root@lvm vagrant]# 
[root@lvm vagrant]# script -a laba3.2
Script started, file is laba3.2
[root@lvm vagrant]# lvremove /dev/vg_root/lv_root
Do you really want to remove active logical volume vg_root/lv_root? [y/n]: y
  Logical volume "lv_root" successfully removed
[root@lvm vagrant]# vgremove /dev/vg_root
  Volume group "vg_root" successfully removed
[root@lvm vagrant]# pvremove /dev/sdb
  Labels on physical volume "/dev/sdb" successfully wiped.
[root@lvm vagrant]# 
[root@lvm vagrant]# lvcreate -n LogVol_Home -L 2G /dev/VolGroup00
  Logical volume "LogVol_Home" created.
[root@lvm vagrant]# 
[root@lvm vagrant]# mkfs.xfs /dev/VolGroup00/LogVol_Home
meta-data=/dev/VolGroup00/LogVol_Home isize=512    agcount=4, agsize=131072 blks
         =                       sectsz=512   attr=2, projid32bit=1
         =                       crc=1        finobt=0, sparse=0
data     =                       bsize=4096   blocks=524288, imaxpct=25
         =                       sunit=0      swidth=0 blks
naming   =version 2              bsize=4096   ascii-ci=0 ftype=1
log      =internal log           bsize=4096   blocks=2560, version=2
         =                       sectsz=512   sunit=0 blks, lazy-count=1
realtime =none                   extsz=4096   blocks=0, rtextents=0
[root@lvm vagrant]# 
[root@lvm vagrant]# 
[root@lvm vagrant]# mount /dev/VolGroup00/LogVol_Home /mnt/
[root@lvm vagrant]# 
[root@lvm vagrant]# cp -aR /home/* /mnt/
[root@lvm vagrant]# 
[root@lvm vagrant]# rm -rf /home/*
[root@lvm vagrant]# 
[root@lvm vagrant]# umount /mnt
[root@lvm vagrant]# 
[root@lvm vagrant]# mount /dev/VolGroup00/LogVol_Home /home/
[root@lvm vagrant]# 
[root@lvm vagrant]# echo "`blkid | grep Home | awk '{print $2}'` /home xfs defaults 0 0" >> /etc/fstab
[root@lvm vagrant]# touch /home/file{1..20}
[root@lvm vagrant]# lvcreate -L 100MB -s -n home_snap /dev/VolGroup00/LogVol_Home
  Rounding up size to full physical extent 128.00 MiB
  Logical volume "home_snap" created.
[root@lvm vagrant]# 
[root@lvm vagrant]# rm -f /home/file{11..20}
[root@lvm vagrant]# 
[root@lvm vagrant]# umount /home
[root@lvm vagrant]# lvconvert --merge /dev/VolGroup00/home_snap
  Merging of volume VolGroup00/home_snap started.
  VolGroup00/LogVol_Home: Merged: 100.00%

[root@lvm vagrant]# 
[root@lvm vagrant]# mount /home
[root@lvm vagrant]# 
[root@lvm vagrant]# 

